DEBUG:MySQLPersistenceWrapper:2026-07-26 00:10:16,992:__init__:It works!
DEBUG:MySQLPersistenceWrapper:2026-07-26 00:10:16,992:__init__: DB Connection Config Dict: {'database': 'grants_investigators', 'user': 'grant_investigator_user', 'host': '127.0.0.1', 'port': 3306}
DEBUG:MySQLPersistenceWrapper:2026-07-26 00:10:16,992:Creating connection pool...
DEBUG:MySQLPersistenceWrapper:2026-07-26 00:10:17,044:_initialize_database_connection_pool: Connection pool successfully created!
DEBUG:AppServices:2026-07-26 00:10:18,343:In get_all_grants()...
DEBUG:AppServices:2026-07-26 00:11:04,982:In get_all_investigators()...
DEBUG:MySQLPersistenceWrapper:2026-07-26 00:11:04,995:select_all_investigators: [('Quantum Computing for Climate Modeling', 'NSF-2026-QC99', 'National Science Foundation', Decimal('1250000.00'), datetime.date(2026, 9, 1), datetime.date(2029, 8, 31)), ('Deep Learning in Genomic Sequencing', 'NIH-R01-HG102', 'National Institutes of Health', Decimal('850000.00'), datetime.date(2026, 10, 15), datetime.date(2028, 10, 14))]
DEBUG:MySQLPersistenceWrapper:2026-07-26 00:11:04,997:select_all_investigators: [('Quantum Computing for Climate Modeling', 'NSF-2026-QC99', 'National Science Foundation', Decimal('1250000.00'), datetime.date(2026, 9, 1), datetime.date(2029, 8, 31)), ('Urban Infrastructure Resilience Study', 'DOE-EERE-401', 'Department of Energy', Decimal('500000.00'), datetime.date(2027, 1, 1), datetime.date(2027, 12, 31))]
DEBUG:MySQLPersistenceWrapper:2026-07-26 00:11:05,000:select_all_investigators: [('Deep Learning in Genomic Sequencing', 'NIH-R01-HG102', 'National Institutes of Health', Decimal('850000.00'), datetime.date(2026, 10, 15), datetime.date(2028, 10, 14)), ('Urban Infrastructure Resilience Study', 'DOE-EERE-401', 'Department of Energy', Decimal('500000.00'), datetime.date(2027, 1, 1), datetime.date(2027, 12, 31))]
DEBUG:MySQLPersistenceWrapper:2026-07-26 00:11:05,003:select_all_investigators: [('Urban Infrastructure Resilience Study', 'DOE-EERE-401', 'Department of Energy', Decimal('500000.00'), datetime.date(2027, 1, 1), datetime.date(2027, 12, 31))]
DEBUG:MySQLPersistenceWrapper:2026-07-26 00:13:53,320:__init__:It works!
DEBUG:MySQLPersistenceWrapper:2026-07-26 00:13:53,320:__init__: DB Connection Config Dict: {'database': 'grants_investigators', 'user': 'grant_investigator_user', 'host': '127.0.0.1', 'port': 3306}
DEBUG:MySQLPersistenceWrapper:2026-07-26 00:13:53,320:Creating connection pool...
DEBUG:MySQLPersistenceWrapper:2026-07-26 00:13:53,356:_initialize_database_connection_pool: Connection pool successfully created!
DEBUG:AppServices:2026-07-26 00:13:54,007:In get_all_grants()...
ERROR:MySQLPersistenceWrapper:2026-07-26 00:13:54,010:select_all_grants: grant_id out of range. 
DEBUG:MySQLPersistenceWrapper:2026-07-26 09:36:01,894:__init__:It works!
DEBUG:MySQLPersistenceWrapper:2026-07-26 09:36:01,894:__init__: DB Connection Config Dict: {'database': 'grants_investigators', 'user': 'grant_investigator_user', 'host': '127.0.0.1', 'port': 3306}
DEBUG:MySQLPersistenceWrapper:2026-07-26 09:36:01,894:Creating connection pool...
DEBUG:MySQLPersistenceWrapper:2026-07-26 09:36:01,940:_initialize_database_connection_pool: Connection pool successfully created!
DEBUG:AppServices:2026-07-26 09:36:02,736:In get_all_grants()...
ERROR:MySQLPersistenceWrapper:2026-07-26 09:36:02,738:select_all_grants: grant_id out of range. 
DEBUG:MySQLPersistenceWrapper:2026-07-26 09:38:35,243:__init__:It works!
DEBUG:MySQLPersistenceWrapper:2026-07-26 09:38:35,243:__init__: DB Connection Config Dict: {'database': 'grants_investigators', 'user': 'grant_investigator_user', 'host': '127.0.0.1', 'port': 3306}
DEBUG:MySQLPersistenceWrapper:2026-07-26 09:38:35,244:Creating connection pool...
DEBUG:MySQLPersistenceWrapper:2026-07-26 09:38:35,287:_initialize_database_connection_pool: Connection pool successfully created!
DEBUG:AppServices:2026-07-26 09:38:36,079:In get_all_investigators()...
DEBUG:MySQLPersistenceWrapper:2026-07-26 09:38:36,084:select_all_investigators: [('Quantum Computing for Climate Modeling', 'NSF-2026-QC99', 'National Science Foundation', Decimal('1250000.00'), datetime.date(2026, 9, 1), datetime.date(2029, 8, 31)), ('Deep Learning in Genomic Sequencing', 'NIH-R01-HG102', 'National Institutes of Health', Decimal('850000.00'), datetime.date(2026, 10, 15), datetime.date(2028, 10, 14))]
DEBUG:MySQLPersistenceWrapper:2026-07-26 09:38:36,088:select_all_investigators: [('Quantum Computing for Climate Modeling', 'NSF-2026-QC99', 'National Science Foundation', Decimal('1250000.00'), datetime.date(2026, 9, 1), datetime.date(2029, 8, 31)), ('Urban Infrastructure Resilience Study', 'DOE-EERE-401', 'Department of Energy', Decimal('500000.00'), datetime.date(2027, 1, 1), datetime.date(2027, 12, 31))]
DEBUG:MySQLPersistenceWrapper:2026-07-26 09:38:36,091:select_all_investigators: [('Deep Learning in Genomic Sequencing', 'NIH-R01-HG102', 'National Institutes of Health', Decimal('850000.00'), datetime.date(2026, 10, 15), datetime.date(2028, 10, 14)), ('Urban Infrastructure Resilience Study', 'DOE-EERE-401', 'Department of Energy', Decimal('500000.00'), datetime.date(2027, 1, 1), datetime.date(2027, 12, 31))]
DEBUG:MySQLPersistenceWrapper:2026-07-26 09:38:36,094:select_all_investigators: [('Urban Infrastructure Resilience Study', 'DOE-EERE-401', 'Department of Energy', Decimal('500000.00'), datetime.date(2027, 1, 1), datetime.date(2027, 12, 31))]
DEBUG:AppServices:2026-07-26 09:38:42,103:In get_all_grants()...
ERROR:MySQLPersistenceWrapper:2026-07-26 09:38:42,105:select_all_grants: grant_id out of range. 
DEBUG:MySQLPersistenceWrapper:2026-07-26 09:44:06,748:__init__:It works!
DEBUG:MySQLPersistenceWrapper:2026-07-26 09:44:06,748:__init__: DB Connection Config Dict: {'database': 'grants_investigators', 'user': 'grant_investigator_user', 'host': '127.0.0.1', 'port': 3306}
DEBUG:MySQLPersistenceWrapper:2026-07-26 09:44:06,748:Creating connection pool...
DEBUG:MySQLPersistenceWrapper:2026-07-26 09:44:06,797:_initialize_database_connection_pool: Connection pool successfully created!
DEBUG:AppServices:2026-07-26 09:44:07,784:In get_all_grants()...
ERROR:MySQLPersistenceWrapper:2026-07-26 09:44:07,785:_populate_grant_objects: 'id'
ERROR:MySQLPersistenceWrapper:2026-07-26 09:44:07,786:select_all_grants: 'NoneType' object is not iterable
DEBUG:MySQLPersistenceWrapper:2026-07-26 09:50:59,418:__init__:It works!
DEBUG:MySQLPersistenceWrapper:2026-07-26 09:50:59,419:__init__: DB Connection Config Dict: {'database': 'grants_investigators', 'user': 'grant_investigator_user', 'host': '127.0.0.1', 'port': 3306}
DEBUG:MySQLPersistenceWrapper:2026-07-26 09:50:59,419:Creating connection pool...
DEBUG:MySQLPersistenceWrapper:2026-07-26 09:50:59,468:_initialize_database_connection_pool: Connection pool successfully created!
DEBUG:AppServices:2026-07-26 09:51:00,070:In get_all_grants()...
DEBUG:MySQLPersistenceWrapper:2026-07-26 09:51:00,074:select_all_grants: [('Alan', 'Turing', 'a.turing@university.edu', 'Institute for Advanced Study'), ('Grace', 'Hopper', 'g.hopper@navy.mil', 'Yale University')]
ERROR:MySQLPersistenceWrapper:2026-07-26 09:51:00,074:_populate_investigator_objects: tuple index out of range
DEBUG:MySQLPersistenceWrapper:2026-07-26 09:51:00,076:select_all_grants: [('Ada', 'Lovelace', 'ada.l@analytical.org', 'University of London'), ('Alan', 'Turing', 'a.turing@university.edu', 'Institute for Advanced Study')]
ERROR:MySQLPersistenceWrapper:2026-07-26 09:51:00,076:_populate_investigator_objects: tuple index out of range
DEBUG:MySQLPersistenceWrapper:2026-07-26 09:51:00,079:select_all_grants: [('Grace', 'Hopper', 'g.hopper@navy.mil', 'Yale University'), ('Ada', 'Lovelace', 'ada.l@analytical.org', 'University of London'), ('Katherine', 'Johnson', 'k.johnson@nasa.gov', 'West Virginia University')]
ERROR:MySQLPersistenceWrapper:2026-07-26 09:51:00,079:_populate_investigator_objects: tuple index out of range
DEBUG:MySQLPersistenceWrapper:2026-07-26 09:54:20,668:__init__:It works!
DEBUG:MySQLPersistenceWrapper:2026-07-26 09:54:20,668:__init__: DB Connection Config Dict: {'database': 'grants_investigators', 'user': 'grant_investigator_user', 'host': '127.0.0.1', 'port': 3306}
DEBUG:MySQLPersistenceWrapper:2026-07-26 09:54:20,669:Creating connection pool...
DEBUG:MySQLPersistenceWrapper:2026-07-26 09:54:20,706:_initialize_database_connection_pool: Connection pool successfully created!
DEBUG:AppServices:2026-07-26 09:54:21,248:In get_all_grants()...
DEBUG:MySQLPersistenceWrapper:2026-07-26 09:54:21,253:select_all_grants: [(1, 'Alan', 'Turing', 'a.turing@university.edu', 'Institute for Advanced Study'), (2, 'Grace', 'Hopper', 'g.hopper@navy.mil', 'Yale University')]
DEBUG:MySQLPersistenceWrapper:2026-07-26 09:54:21,256:select_all_grants: [(3, 'Ada', 'Lovelace', 'ada.l@analytical.org', 'University of London'), (1, 'Alan', 'Turing', 'a.turing@university.edu', 'Institute for Advanced Study')]
DEBUG:MySQLPersistenceWrapper:2026-07-26 09:54:21,259:select_all_grants: [(2, 'Grace', 'Hopper', 'g.hopper@navy.mil', 'Yale University'), (3, 'Ada', 'Lovelace', 'ada.l@analytical.org', 'University of London'), (4, 'Katherine', 'Johnson', 'k.johnson@nasa.gov', 'West Virginia University')]
DEBUG:AppServices:2026-07-26 09:54:35,432:In get_all_investigators()...
DEBUG:MySQLPersistenceWrapper:2026-07-26 09:54:35,436:select_all_investigators: [('Quantum Computing for Climate Modeling', 'NSF-2026-QC99', 'National Science Foundation', Decimal('1250000.00'), datetime.date(2026, 9, 1), datetime.date(2029, 8, 31)), ('Deep Learning in Genomic Sequencing', 'NIH-R01-HG102', 'National Institutes of Health', Decimal('850000.00'), datetime.date(2026, 10, 15), datetime.date(2028, 10, 14))]
ERROR:MySQLPersistenceWrapper:2026-07-26 09:54:35,437:_populate_grant_objects: tuple index out of range
DEBUG:MySQLPersistenceWrapper:2026-07-26 09:54:35,439:select_all_investigators: [('Quantum Computing for Climate Modeling', 'NSF-2026-QC99', 'National Science Foundation', Decimal('1250000.00'), datetime.date(2026, 9, 1), datetime.date(2029, 8, 31)), ('Urban Infrastructure Resilience Study', 'DOE-EERE-401', 'Department of Energy', Decimal('500000.00'), datetime.date(2027, 1, 1), datetime.date(2027, 12, 31))]
ERROR:MySQLPersistenceWrapper:2026-07-26 09:54:35,439:_populate_grant_objects: tuple index out of range
DEBUG:MySQLPersistenceWrapper:2026-07-26 09:54:35,442:select_all_investigators: [('Deep Learning in Genomic Sequencing', 'NIH-R01-HG102', 'National Institutes of Health', Decimal('850000.00'), datetime.date(2026, 10, 15), datetime.date(2028, 10, 14)), ('Urban Infrastructure Resilience Study', 'DOE-EERE-401', 'Department of Energy', Decimal('500000.00'), datetime.date(2027, 1, 1), datetime.date(2027, 12, 31))]
ERROR:MySQLPersistenceWrapper:2026-07-26 09:54:35,443:_populate_grant_objects: tuple index out of range
DEBUG:MySQLPersistenceWrapper:2026-07-26 09:54:35,446:select_all_investigators: [('Urban Infrastructure Resilience Study', 'DOE-EERE-401', 'Department of Energy', Decimal('500000.00'), datetime.date(2027, 1, 1), datetime.date(2027, 12, 31))]
ERROR:MySQLPersistenceWrapper:2026-07-26 09:54:35,447:_populate_grant_objects: tuple index out of range
DEBUG:MySQLPersistenceWrapper:2026-07-26 09:55:04,136:__init__:It works!
DEBUG:MySQLPersistenceWrapper:2026-07-26 09:55:04,136:__init__: DB Connection Config Dict: {'database': 'grants_investigators', 'user': 'grant_investigator_user', 'host': '127.0.0.1', 'port': 3306}
DEBUG:MySQLPersistenceWrapper:2026-07-26 09:55:04,136:Creating connection pool...
DEBUG:MySQLPersistenceWrapper:2026-07-26 09:55:04,182:_initialize_database_connection_pool: Connection pool successfully created!
DEBUG:AppServices:2026-07-26 09:55:04,800:In get_all_grants()...
DEBUG:MySQLPersistenceWrapper:2026-07-26 09:55:04,805:select_all_grants: [(1, 'Alan', 'Turing', 'a.turing@university.edu', 'Institute for Advanced Study'), (2, 'Grace', 'Hopper', 'g.hopper@navy.mil', 'Yale University')]
DEBUG:MySQLPersistenceWrapper:2026-07-26 09:55:04,808:select_all_grants: [(3, 'Ada', 'Lovelace', 'ada.l@analytical.org', 'University of London'), (1, 'Alan', 'Turing', 'a.turing@university.edu', 'Institute for Advanced Study')]
DEBUG:MySQLPersistenceWrapper:2026-07-26 09:55:04,810:select_all_grants: [(2, 'Grace', 'Hopper', 'g.hopper@navy.mil', 'Yale University'), (3, 'Ada', 'Lovelace', 'ada.l@analytical.org', 'University of London'), (4, 'Katherine', 'Johnson', 'k.johnson@nasa.gov', 'West Virginia University')]
DEBUG:AppServices:2026-07-26 09:55:05,952:In get_all_investigators()...
DEBUG:MySQLPersistenceWrapper:2026-07-26 09:55:05,957:select_all_investigators: [(1, 'Quantum Computing for Climate Modeling', 'NSF-2026-QC99', 'National Science Foundation', Decimal('1250000.00'), datetime.date(2026, 9, 1), datetime.date(2029, 8, 31)), (2, 'Deep Learning in Genomic Sequencing', 'NIH-R01-HG102', 'National Institutes of Health', Decimal('850000.00'), datetime.date(2026, 10, 15), datetime.date(2028, 10, 14))]
DEBUG:MySQLPersistenceWrapper:2026-07-26 09:55:05,960:select_all_investigators: [(1, 'Quantum Computing for Climate Modeling', 'NSF-2026-QC99', 'National Science Foundation', Decimal('1250000.00'), datetime.date(2026, 9, 1), datetime.date(2029, 8, 31)), (3, 'Urban Infrastructure Resilience Study', 'DOE-EERE-401', 'Department of Energy', Decimal('500000.00'), datetime.date(2027, 1, 1), datetime.date(2027, 12, 31))]
DEBUG:MySQLPersistenceWrapper:2026-07-26 09:55:05,963:select_all_investigators: [(2, 'Deep Learning in Genomic Sequencing', 'NIH-R01-HG102', 'National Institutes of Health', Decimal('850000.00'), datetime.date(2026, 10, 15), datetime.date(2028, 10, 14)), (3, 'Urban Infrastructure Resilience Study', 'DOE-EERE-401', 'Department of Energy', Decimal('500000.00'), datetime.date(2027, 1, 1), datetime.date(2027, 12, 31))]
DEBUG:MySQLPersistenceWrapper:2026-07-26 09:55:05,965:select_all_investigators: [(3, 'Urban Infrastructure Resilience Study', 'DOE-EERE-401', 'Department of Energy', Decimal('500000.00'), datetime.date(2027, 1, 1), datetime.date(2027, 12, 31))]
DEBUG:AppServices:2026-07-26 09:55:18,703:In create_investigator()...
DEBUG:MySQLPersistenceWrapper:2026-07-26 09:55:18,726:Updated 1 row.
DEBUG:MySQLPersistenceWrapper:2026-07-26 09:55:18,726:Last Row ID: 5.
DEBUG:AppServices:2026-07-26 09:55:20,391:In get_all_investigators()...
DEBUG:MySQLPersistenceWrapper:2026-07-26 09:55:20,394:select_all_investigators: [(1, 'Quantum Computing for Climate Modeling', 'NSF-2026-QC99', 'National Science Foundation', Decimal('1250000.00'), datetime.date(2026, 9, 1), datetime.date(2029, 8, 31)), (2, 'Deep Learning in Genomic Sequencing', 'NIH-R01-HG102', 'National Institutes of Health', Decimal('850000.00'), datetime.date(2026, 10, 15), datetime.date(2028, 10, 14))]
DEBUG:MySQLPersistenceWrapper:2026-07-26 09:55:20,396:select_all_investigators: [(1, 'Quantum Computing for Climate Modeling', 'NSF-2026-QC99', 'National Science Foundation', Decimal('1250000.00'), datetime.date(2026, 9, 1), datetime.date(2029, 8, 31)), (3, 'Urban Infrastructure Resilience Study', 'DOE-EERE-401', 'Department of Energy', Decimal('500000.00'), datetime.date(2027, 1, 1), datetime.date(2027, 12, 31))]
DEBUG:MySQLPersistenceWrapper:2026-07-26 09:55:20,399:select_all_investigators: [(2, 'Deep Learning in Genomic Sequencing', 'NIH-R01-HG102', 'National Institutes of Health', Decimal('850000.00'), datetime.date(2026, 10, 15), datetime.date(2028, 10, 14)), (3, 'Urban Infrastructure Resilience Study', 'DOE-EERE-401', 'Department of Energy', Decimal('500000.00'), datetime.date(2027, 1, 1), datetime.date(2027, 12, 31))]
DEBUG:MySQLPersistenceWrapper:2026-07-26 09:55:20,403:select_all_investigators: [(3, 'Urban Infrastructure Resilience Study', 'DOE-EERE-401', 'Department of Energy', Decimal('500000.00'), datetime.date(2027, 1, 1), datetime.date(2027, 12, 31))]
DEBUG:MySQLPersistenceWrapper:2026-07-26 09:55:20,405:select_all_investigators: []
DEBUG:AppServices:2026-07-26 09:55:35,384:In create_grant()...
DEBUG:MySQLPersistenceWrapper:2026-07-26 09:55:35,397:Updated 1 row.
DEBUG:MySQLPersistenceWrapper:2026-07-26 09:55:35,397:Last Row ID: 4.
DEBUG:AppServices:2026-07-26 09:55:37,095:In get_all_grants()...
DEBUG:MySQLPersistenceWrapper:2026-07-26 09:55:37,101:select_all_grants: [(1, 'Alan', 'Turing', 'a.turing@university.edu', 'Institute for Advanced Study'), (2, 'Grace', 'Hopper', 'g.hopper@navy.mil', 'Yale University')]
DEBUG:MySQLPersistenceWrapper:2026-07-26 09:55:37,103:select_all_grants: [(3, 'Ada', 'Lovelace', 'ada.l@analytical.org', 'University of London'), (1, 'Alan', 'Turing', 'a.turing@university.edu', 'Institute for Advanced Study')]
DEBUG:MySQLPersistenceWrapper:2026-07-26 09:55:37,105:select_all_grants: [(4, 'Katherine', 'Johnson', 'k.johnson@nasa.gov', 'West Virginia University'), (2, 'Grace', 'Hopper', 'g.hopper@navy.mil', 'Yale University'), (3, 'Ada', 'Lovelace', 'ada.l@analytical.org', 'University of London')]
DEBUG:MySQLPersistenceWrapper:2026-07-26 09:55:37,107:select_all_grants: []
DEBUG:MySQLPersistenceWrapper:2026-07-26 09:58:38,805:__init__:It works!
DEBUG:MySQLPersistenceWrapper:2026-07-26 09:58:38,805:__init__: DB Connection Config Dict: {'database': 'grants_investigators', 'user': 'grant_investigator_user', 'host': '127.0.0.1', 'port': 3306}
DEBUG:MySQLPersistenceWrapper:2026-07-26 09:58:38,805:Creating connection pool...
DEBUG:MySQLPersistenceWrapper:2026-07-26 09:58:38,854:_initialize_database_connection_pool: Connection pool successfully created!
DEBUG:AppServices:2026-07-26 09:58:41,007:In get_all_investigators()...
DEBUG:MySQLPersistenceWrapper:2026-07-26 09:58:41,011:select_all_investigators: [(1, 'Quantum Computing for Climate Modeling', 'NSF-2026-QC99', 'National Science Foundation', Decimal('1250000.00'), datetime.date(2026, 9, 1), datetime.date(2029, 8, 31)), (2, 'Deep Learning in Genomic Sequencing', 'NIH-R01-HG102', 'National Institutes of Health', Decimal('850000.00'), datetime.date(2026, 10, 15), datetime.date(2028, 10, 14))]
DEBUG:MySQLPersistenceWrapper:2026-07-26 09:58:41,014:select_all_investigators: [(1, 'Quantum Computing for Climate Modeling', 'NSF-2026-QC99', 'National Science Foundation', Decimal('1250000.00'), datetime.date(2026, 9, 1), datetime.date(2029, 8, 31)), (3, 'Urban Infrastructure Resilience Study', 'DOE-EERE-401', 'Department of Energy', Decimal('500000.00'), datetime.date(2027, 1, 1), datetime.date(2027, 12, 31))]
DEBUG:MySQLPersistenceWrapper:2026-07-26 09:58:41,017:select_all_investigators: [(2, 'Deep Learning in Genomic Sequencing', 'NIH-R01-HG102', 'National Institutes of Health', Decimal('850000.00'), datetime.date(2026, 10, 15), datetime.date(2028, 10, 14)), (3, 'Urban Infrastructure Resilience Study', 'DOE-EERE-401', 'Department of Energy', Decimal('500000.00'), datetime.date(2027, 1, 1), datetime.date(2027, 12, 31))]
DEBUG:MySQLPersistenceWrapper:2026-07-26 09:58:41,020:select_all_investigators: [(3, 'Urban Infrastructure Resilience Study', 'DOE-EERE-401', 'Department of Energy', Decimal('500000.00'), datetime.date(2027, 1, 1), datetime.date(2027, 12, 31))]
DEBUG:MySQLPersistenceWrapper:2026-07-26 09:58:41,023:select_all_investigators: []
DEBUG:AppServices:2026-07-26 09:58:41,767:In get_all_grants()...
DEBUG:MySQLPersistenceWrapper:2026-07-26 09:58:41,772:select_all_grants: [(1, 'Alan', 'Turing', 'a.turing@university.edu', 'Institute for Advanced Study'), (2, 'Grace', 'Hopper', 'g.hopper@navy.mil', 'Yale University')]
DEBUG:MySQLPersistenceWrapper:2026-07-26 09:58:41,775:select_all_grants: [(3, 'Ada', 'Lovelace', 'ada.l@analytical.org', 'University of London'), (1, 'Alan', 'Turing', 'a.turing@university.edu', 'Institute for Advanced Study')]
DEBUG:MySQLPersistenceWrapper:2026-07-26 09:58:41,777:select_all_grants: [(4, 'Katherine', 'Johnson', 'k.johnson@nasa.gov', 'West Virginia University'), (2, 'Grace', 'Hopper', 'g.hopper@navy.mil', 'Yale University'), (3, 'Ada', 'Lovelace', 'ada.l@analytical.org', 'University of London')]
DEBUG:MySQLPersistenceWrapper:2026-07-26 09:58:41,780:select_all_grants: []
DEBUG:MySQLPersistenceWrapper:2026-07-26 10:00:18,323:__init__:It works!
DEBUG:MySQLPersistenceWrapper:2026-07-26 10:00:18,323:__init__: DB Connection Config Dict: {'database': 'grants_investigators', 'user': 'grant_investigator_user', 'host': '127.0.0.1', 'port': 3306}
DEBUG:MySQLPersistenceWrapper:2026-07-26 10:00:18,324:Creating connection pool...
DEBUG:MySQLPersistenceWrapper:2026-07-26 10:00:18,365:_initialize_database_connection_pool: Connection pool successfully created!
DEBUG:MySQLPersistenceWrapper:2026-07-26 10:02:06,662:__init__:It works!
DEBUG:MySQLPersistenceWrapper:2026-07-26 10:02:06,663:__init__: DB Connection Config Dict: {'database': 'grants_investigators', 'user': 'grant_investigator_user', 'host': '127.0.0.1', 'port': 3306}
DEBUG:MySQLPersistenceWrapper:2026-07-26 10:02:06,663:Creating connection pool...
DEBUG:MySQLPersistenceWrapper:2026-07-26 10:02:06,707:_initialize_database_connection_pool: Connection pool successfully created!
DEBUG:AppServices:2026-07-26 10:02:07,487:In get_all_grants()...
DEBUG:MySQLPersistenceWrapper:2026-07-26 10:02:07,491:select_all_grants: [(1, 'Alan', 'Turing', 'a.turing@university.edu', 'Institute for Advanced Study'), (2, 'Grace', 'Hopper', 'g.hopper@navy.mil', 'Yale University')]
DEBUG:MySQLPersistenceWrapper:2026-07-26 10:02:07,494:select_all_grants: [(3, 'Ada', 'Lovelace', 'ada.l@analytical.org', 'University of London'), (1, 'Alan', 'Turing', 'a.turing@university.edu', 'Institute for Advanced Study')]
DEBUG:MySQLPersistenceWrapper:2026-07-26 10:02:07,497:select_all_grants: [(4, 'Katherine', 'Johnson', 'k.johnson@nasa.gov', 'West Virginia University'), (2, 'Grace', 'Hopper', 'g.hopper@navy.mil', 'Yale University'), (3, 'Ada', 'Lovelace', 'ada.l@analytical.org', 'University of London')]
DEBUG:MySQLPersistenceWrapper:2026-07-26 10:02:07,499:select_all_grants: []
DEBUG:AppServices:2026-07-26 10:02:42,559:In get_all_investigators()...
DEBUG:MySQLPersistenceWrapper:2026-07-26 10:02:42,562:select_all_investigators: [(1, 'Quantum Computing for Climate Modeling', 'NSF-2026-QC99', 'National Science Foundation', Decimal('1250000.00'), datetime.date(2026, 9, 1), datetime.date(2029, 8, 31)), (2, 'Deep Learning in Genomic Sequencing', 'NIH-R01-HG102', 'National Institutes of Health', Decimal('850000.00'), datetime.date(2026, 10, 15), datetime.date(2028, 10, 14))]
DEBUG:MySQLPersistenceWrapper:2026-07-26 10:02:42,565:select_all_investigators: [(1, 'Quantum Computing for Climate Modeling', 'NSF-2026-QC99', 'National Science Foundation', Decimal('1250000.00'), datetime.date(2026, 9, 1), datetime.date(2029, 8, 31)), (3, 'Urban Infrastructure Resilience Study', 'DOE-EERE-401', 'Department of Energy', Decimal('500000.00'), datetime.date(2027, 1, 1), datetime.date(2027, 12, 31))]
DEBUG:MySQLPersistenceWrapper:2026-07-26 10:02:42,568:select_all_investigators: [(2, 'Deep Learning in Genomic Sequencing', 'NIH-R01-HG102', 'National Institutes of Health', Decimal('850000.00'), datetime.date(2026, 10, 15), datetime.date(2028, 10, 14)), (3, 'Urban Infrastructure Resilience Study', 'DOE-EERE-401', 'Department of Energy', Decimal('500000.00'), datetime.date(2027, 1, 1), datetime.date(2027, 12, 31))]
DEBUG:MySQLPersistenceWrapper:2026-07-26 10:02:42,571:select_all_investigators: [(3, 'Urban Infrastructure Resilience Study', 'DOE-EERE-401', 'Department of Energy', Decimal('500000.00'), datetime.date(2027, 1, 1), datetime.date(2027, 12, 31))]
DEBUG:MySQLPersistenceWrapper:2026-07-26 10:02:42,574:select_all_investigators: []
DEBUG:MySQLPersistenceWrapper:2026-07-26 14:40:18,845:__init__:It works!
DEBUG:MySQLPersistenceWrapper:2026-07-26 14:40:18,845:__init__: DB Connection Config Dict: {'database': 'grants_investigators', 'user': 'grant_investigator_user', 'host': '127.0.0.1', 'port': 3306}
DEBUG:MySQLPersistenceWrapper:2026-07-26 14:40:18,845:Creating connection pool...
DEBUG:MySQLPersistenceWrapper:2026-07-26 14:40:18,898:_initialize_database_connection_pool: Connection pool successfully created!
DEBUG:AppServices:2026-07-26 14:40:20,795:In get_all_investigators()...
DEBUG:MySQLPersistenceWrapper:2026-07-26 14:40:20,799:select_all_investigators: [(1, 'Quantum Computing for Climate Modeling', 'NSF-2026-QC99', 'National Science Foundation', Decimal('1250000.00'), datetime.date(2026, 9, 1), datetime.date(2029, 8, 31)), (2, 'Deep Learning in Genomic Sequencing', 'NIH-R01-HG102', 'National Institutes of Health', Decimal('850000.00'), datetime.date(2026, 10, 15), datetime.date(2028, 10, 14))]
DEBUG:MySQLPersistenceWrapper:2026-07-26 14:40:20,802:select_all_investigators: [(1, 'Quantum Computing for Climate Modeling', 'NSF-2026-QC99', 'National Science Foundation', Decimal('1250000.00'), datetime.date(2026, 9, 1), datetime.date(2029, 8, 31)), (3, 'Urban Infrastructure Resilience Study', 'DOE-EERE-401', 'Department of Energy', Decimal('500000.00'), datetime.date(2027, 1, 1), datetime.date(2027, 12, 31))]
DEBUG:MySQLPersistenceWrapper:2026-07-26 14:40:20,804:select_all_investigators: [(2, 'Deep Learning in Genomic Sequencing', 'NIH-R01-HG102', 'National Institutes of Health', Decimal('850000.00'), datetime.date(2026, 10, 15), datetime.date(2028, 10, 14)), (3, 'Urban Infrastructure Resilience Study', 'DOE-EERE-401', 'Department of Energy', Decimal('500000.00'), datetime.date(2027, 1, 1), datetime.date(2027, 12, 31))]
DEBUG:MySQLPersistenceWrapper:2026-07-26 14:40:20,806:select_all_investigators: [(3, 'Urban Infrastructure Resilience Study', 'DOE-EERE-401', 'Department of Energy', Decimal('500000.00'), datetime.date(2027, 1, 1), datetime.date(2027, 12, 31))]
DEBUG:MySQLPersistenceWrapper:2026-07-26 14:40:20,810:select_all_investigators: []
DEBUG:AppServices:2026-07-26 14:40:26,900:In get_all_grants()...
DEBUG:MySQLPersistenceWrapper:2026-07-26 14:40:26,904:select_all_grants: [(1, 'Alan', 'Turing', 'a.turing@university.edu', 'Institute for Advanced Study'), (2, 'Grace', 'Hopper', 'g.hopper@navy.mil', 'Yale University')]
DEBUG:MySQLPersistenceWrapper:2026-07-26 14:40:26,907:select_all_grants: [(3, 'Ada', 'Lovelace', 'ada.l@analytical.org', 'University of London'), (1, 'Alan', 'Turing', 'a.turing@university.edu', 'Institute for Advanced Study')]
DEBUG:MySQLPersistenceWrapper:2026-07-26 14:40:26,910:select_all_grants: [(4, 'Katherine', 'Johnson', 'k.johnson@nasa.gov', 'West Virginia University'), (2, 'Grace', 'Hopper', 'g.hopper@navy.mil', 'Yale University'), (3, 'Ada', 'Lovelace', 'ada.l@analytical.org', 'University of London')]
DEBUG:MySQLPersistenceWrapper:2026-07-26 14:40:26,912:select_all_grants: []
DEBUG:AppServices:2026-07-26 14:40:29,739:In connect_investigator_to_grant()...
DEBUG:AppServices:2026-07-26 14:40:33,916:In get_all_investigators()...
DEBUG:MySQLPersistenceWrapper:2026-07-26 14:40:33,919:select_all_investigators: [(1, 'Quantum Computing for Climate Modeling', 'NSF-2026-QC99', 'National Science Foundation', Decimal('1250000.00'), datetime.date(2026, 9, 1), datetime.date(2029, 8, 31)), (2, 'Deep Learning in Genomic Sequencing', 'NIH-R01-HG102', 'National Institutes of Health', Decimal('850000.00'), datetime.date(2026, 10, 15), datetime.date(2028, 10, 14))]
DEBUG:MySQLPersistenceWrapper:2026-07-26 14:40:33,922:select_all_investigators: [(1, 'Quantum Computing for Climate Modeling', 'NSF-2026-QC99', 'National Science Foundation', Decimal('1250000.00'), datetime.date(2026, 9, 1), datetime.date(2029, 8, 31)), (3, 'Urban Infrastructure Resilience Study', 'DOE-EERE-401', 'Department of Energy', Decimal('500000.00'), datetime.date(2027, 1, 1), datetime.date(2027, 12, 31))]
DEBUG:MySQLPersistenceWrapper:2026-07-26 14:40:33,925:select_all_investigators: [(2, 'Deep Learning in Genomic Sequencing', 'NIH-R01-HG102', 'National Institutes of Health', Decimal('850000.00'), datetime.date(2026, 10, 15), datetime.date(2028, 10, 14)), (3, 'Urban Infrastructure Resilience Study', 'DOE-EERE-401', 'Department of Energy', Decimal('500000.00'), datetime.date(2027, 1, 1), datetime.date(2027, 12, 31)), (4, '5', '5', '5', Decimal('5.00'), datetime.date(1000, 1, 1), datetime.date(1000, 1, 2))]
DEBUG:MySQLPersistenceWrapper:2026-07-26 14:40:33,927:select_all_investigators: [(3, 'Urban Infrastructure Resilience Study', 'DOE-EERE-401', 'Department of Energy', Decimal('500000.00'), datetime.date(2027, 1, 1), datetime.date(2027, 12, 31))]
DEBUG:MySQLPersistenceWrapper:2026-07-26 14:40:33,929:select_all_investigators: []
DEBUG:MySQLPersistenceWrapper:2026-07-26 14:43:24,680:__init__:It works!
DEBUG:MySQLPersistenceWrapper:2026-07-26 14:43:24,680:__init__: DB Connection Config Dict: {'database': 'grants_investigators', 'user': 'grant_investigator_user', 'host': '127.0.0.1', 'port': 3306}
DEBUG:MySQLPersistenceWrapper:2026-07-26 14:43:24,680:Creating connection pool...
DEBUG:MySQLPersistenceWrapper:2026-07-26 14:43:24,726:_initialize_database_connection_pool: Connection pool successfully created!
DEBUG:MySQLPersistenceWrapper:2026-07-26 14:50:57,643:__init__:It works!
DEBUG:MySQLPersistenceWrapper:2026-07-26 14:50:57,643:__init__: DB Connection Config Dict: {'database': 'grants_investigators', 'user': 'grant_investigator_user', 'host': '127.0.0.1', 'port': 3306}
DEBUG:MySQLPersistenceWrapper:2026-07-26 14:50:57,644:Creating connection pool...
DEBUG:MySQLPersistenceWrapper:2026-07-26 14:50:57,695:_initialize_database_connection_pool: Connection pool successfully created!
DEBUG:AppServices:2026-07-26 14:50:59,170:In get_all_investigators()...
DEBUG:MySQLPersistenceWrapper:2026-07-26 14:50:59,175:select_all_investigators: [(1, 'Quantum Computing for Climate Modeling', 'NSF-2026-QC99', 'National Science Foundation', Decimal('1250000.00'), datetime.date(2026, 9, 1), datetime.date(2029, 8, 31)), (2, 'Deep Learning in Genomic Sequencing', 'NIH-R01-HG102', 'National Institutes of Health', Decimal('850000.00'), datetime.date(2026, 10, 15), datetime.date(2028, 10, 14))]
DEBUG:MySQLPersistenceWrapper:2026-07-26 14:50:59,178:select_all_investigators: [(1, 'Quantum Computing for Climate Modeling', 'NSF-2026-QC99', 'National Science Foundation', Decimal('1250000.00'), datetime.date(2026, 9, 1), datetime.date(2029, 8, 31)), (3, 'Urban Infrastructure Resilience Study', 'DOE-EERE-401', 'Department of Energy', Decimal('500000.00'), datetime.date(2027, 1, 1), datetime.date(2027, 12, 31))]
DEBUG:MySQLPersistenceWrapper:2026-07-26 14:50:59,182:select_all_investigators: [(2, 'Deep Learning in Genomic Sequencing', 'NIH-R01-HG102', 'National Institutes of Health', Decimal('850000.00'), datetime.date(2026, 10, 15), datetime.date(2028, 10, 14)), (3, 'Urban Infrastructure Resilience Study', 'DOE-EERE-401', 'Department of Energy', Decimal('500000.00'), datetime.date(2027, 1, 1), datetime.date(2027, 12, 31)), (4, '5', '5', '5', Decimal('5.00'), datetime.date(1000, 1, 1), datetime.date(1000, 1, 2))]
DEBUG:MySQLPersistenceWrapper:2026-07-26 14:50:59,185:select_all_investigators: [(3, 'Urban Infrastructure Resilience Study', 'DOE-EERE-401', 'Department of Energy', Decimal('500000.00'), datetime.date(2027, 1, 1), datetime.date(2027, 12, 31))]
DEBUG:MySQLPersistenceWrapper:2026-07-26 14:50:59,188:select_all_investigators: []
DEBUG:AppServices:2026-07-26 14:51:08,243:In get_all_grants()...
DEBUG:MySQLPersistenceWrapper:2026-07-26 14:51:08,247:select_all_grants: [(1, 'Alan', 'Turing', 'a.turing@university.edu', 'Institute for Advanced Study'), (2, 'Grace', 'Hopper', 'g.hopper@navy.mil', 'Yale University')]
DEBUG:MySQLPersistenceWrapper:2026-07-26 14:51:08,250:select_all_grants: [(3, 'Ada', 'Lovelace', 'ada.l@analytical.org', 'University of London'), (1, 'Alan', 'Turing', 'a.turing@university.edu', 'Institute for Advanced Study')]
DEBUG:MySQLPersistenceWrapper:2026-07-26 14:51:08,252:select_all_grants: [(4, 'Katherine', 'Johnson', 'k.johnson@nasa.gov', 'West Virginia University'), (2, 'Grace', 'Hopper', 'g.hopper@navy.mil', 'Yale University'), (3, 'Ada', 'Lovelace', 'ada.l@analytical.org', 'University of London')]
DEBUG:MySQLPersistenceWrapper:2026-07-26 14:51:08,255:select_all_grants: [(3, 'Ada', 'Lovelace', 'ada.l@analytical.org', 'University of London')]
DEBUG:AppServices:2026-07-26 14:51:18,155:In remove_investigator_from_grant()...
DEBUG:AppServices:2026-07-26 14:51:21,460:In get_all_investigators()...
DEBUG:MySQLPersistenceWrapper:2026-07-26 14:51:21,464:select_all_investigators: [(1, 'Quantum Computing for Climate Modeling', 'NSF-2026-QC99', 'National Science Foundation', Decimal('1250000.00'), datetime.date(2026, 9, 1), datetime.date(2029, 8, 31)), (2, 'Deep Learning in Genomic Sequencing', 'NIH-R01-HG102', 'National Institutes of Health', Decimal('850000.00'), datetime.date(2026, 10, 15), datetime.date(2028, 10, 14))]
DEBUG:MySQLPersistenceWrapper:2026-07-26 14:51:21,466:select_all_investigators: [(1, 'Quantum Computing for Climate Modeling', 'NSF-2026-QC99', 'National Science Foundation', Decimal('1250000.00'), datetime.date(2026, 9, 1), datetime.date(2029, 8, 31)), (3, 'Urban Infrastructure Resilience Study', 'DOE-EERE-401', 'Department of Energy', Decimal('500000.00'), datetime.date(2027, 1, 1), datetime.date(2027, 12, 31))]
DEBUG:MySQLPersistenceWrapper:2026-07-26 14:51:21,469:select_all_investigators: [(2, 'Deep Learning in Genomic Sequencing', 'NIH-R01-HG102', 'National Institutes of Health', Decimal('850000.00'), datetime.date(2026, 10, 15), datetime.date(2028, 10, 14)), (3, 'Urban Infrastructure Resilience Study', 'DOE-EERE-401', 'Department of Energy', Decimal('500000.00'), datetime.date(2027, 1, 1), datetime.date(2027, 12, 31))]
DEBUG:MySQLPersistenceWrapper:2026-07-26 14:51:21,473:select_all_investigators: [(3, 'Urban Infrastructure Resilience Study', 'DOE-EERE-401', 'Department of Energy', Decimal('500000.00'), datetime.date(2027, 1, 1), datetime.date(2027, 12, 31))]
DEBUG:MySQLPersistenceWrapper:2026-07-26 14:51:21,474:select_all_investigators: []
DEBUG:MySQLPersistenceWrapper:2026-07-26 15:10:08,203:__init__:It works!
DEBUG:MySQLPersistenceWrapper:2026-07-26 15:10:08,204:__init__: DB Connection Config Dict: {'database': 'grants_investigators', 'user': 'grant_investigator_user', 'host': '127.0.0.1', 'port': 3306}
DEBUG:MySQLPersistenceWrapper:2026-07-26 15:10:08,204:Creating connection pool...
DEBUG:MySQLPersistenceWrapper:2026-07-26 15:10:08,258:_initialize_database_connection_pool: Connection pool successfully created!
DEBUG:AppServices:2026-07-26 15:10:11,402:In get_all_grants()...
DEBUG:MySQLPersistenceWrapper:2026-07-26 15:10:11,407:select_all_grants: [(1, 'Alan', 'Turing', 'a.turing@university.edu', 'Institute for Advanced Study'), (2, 'Grace', 'Hopper', 'g.hopper@navy.mil', 'Yale University')]
DEBUG:MySQLPersistenceWrapper:2026-07-26 15:10:11,413:select_all_grants: [(3, 'Ada', 'Lovelace', 'ada.l@analytical.org', 'University of London'), (1, 'Alan', 'Turing', 'a.turing@university.edu', 'Institute for Advanced Study')]
DEBUG:MySQLPersistenceWrapper:2026-07-26 15:10:11,416:select_all_grants: [(4, 'Katherine', 'Johnson', 'k.johnson@nasa.gov', 'West Virginia University'), (2, 'Grace', 'Hopper', 'g.hopper@navy.mil', 'Yale University'), (3, 'Ada', 'Lovelace', 'ada.l@analytical.org', 'University of London')]
DEBUG:MySQLPersistenceWrapper:2026-07-26 15:10:11,419:select_all_grants: []
DEBUG:AppServices:2026-07-26 15:10:13,795:In delete_grant()...
DEBUG:AppServices:2026-07-26 15:10:15,931:In get_all_grants()...
DEBUG:MySQLPersistenceWrapper:2026-07-26 15:10:15,934:select_all_grants: [(1, 'Alan', 'Turing', 'a.turing@university.edu', 'Institute for Advanced Study'), (2, 'Grace', 'Hopper', 'g.hopper@navy.mil', 'Yale University')]
DEBUG:MySQLPersistenceWrapper:2026-07-26 15:10:15,936:select_all_grants: [(3, 'Ada', 'Lovelace', 'ada.l@analytical.org', 'University of London'), (1, 'Alan', 'Turing', 'a.turing@university.edu', 'Institute for Advanced Study')]
DEBUG:MySQLPersistenceWrapper:2026-07-26 15:10:15,938:select_all_grants: [(4, 'Katherine', 'Johnson', 'k.johnson@nasa.gov', 'West Virginia University'), (2, 'Grace', 'Hopper', 'g.hopper@navy.mil', 'Yale University'), (3, 'Ada', 'Lovelace', 'ada.l@analytical.org', 'University of London')]
DEBUG:AppServices:2026-07-26 15:10:26,002:In get_all_investigators()...
DEBUG:MySQLPersistenceWrapper:2026-07-26 15:10:26,007:select_all_investigators: [(1, 'Quantum Computing for Climate Modeling', 'NSF-2026-QC99', 'National Science Foundation', Decimal('1250000.00'), datetime.date(2026, 9, 1), datetime.date(2029, 8, 31)), (2, 'Deep Learning in Genomic Sequencing', 'NIH-R01-HG102', 'National Institutes of Health', Decimal('850000.00'), datetime.date(2026, 10, 15), datetime.date(2028, 10, 14))]
DEBUG:MySQLPersistenceWrapper:2026-07-26 15:10:26,010:select_all_investigators: [(1, 'Quantum Computing for Climate Modeling', 'NSF-2026-QC99', 'National Science Foundation', Decimal('1250000.00'), datetime.date(2026, 9, 1), datetime.date(2029, 8, 31)), (3, 'Urban Infrastructure Resilience Study', 'DOE-EERE-401', 'Department of Energy', Decimal('500000.00'), datetime.date(2027, 1, 1), datetime.date(2027, 12, 31))]
DEBUG:MySQLPersistenceWrapper:2026-07-26 15:10:26,013:select_all_investigators: [(2, 'Deep Learning in Genomic Sequencing', 'NIH-R01-HG102', 'National Institutes of Health', Decimal('850000.00'), datetime.date(2026, 10, 15), datetime.date(2028, 10, 14)), (3, 'Urban Infrastructure Resilience Study', 'DOE-EERE-401', 'Department of Energy', Decimal('500000.00'), datetime.date(2027, 1, 1), datetime.date(2027, 12, 31))]
DEBUG:MySQLPersistenceWrapper:2026-07-26 15:10:26,016:select_all_investigators: [(3, 'Urban Infrastructure Resilience Study', 'DOE-EERE-401', 'Department of Energy', Decimal('500000.00'), datetime.date(2027, 1, 1), datetime.date(2027, 12, 31))]
DEBUG:MySQLPersistenceWrapper:2026-07-26 15:10:26,018:select_all_investigators: []
DEBUG:AppServices:2026-07-26 15:10:29,538:In delete_investigator()...
DEBUG:AppServices:2026-07-26 15:10:30,683:In get_all_investigators()...
DEBUG:MySQLPersistenceWrapper:2026-07-26 15:10:30,686:select_all_investigators: [(1, 'Quantum Computing for Climate Modeling', 'NSF-2026-QC99', 'National Science Foundation', Decimal('1250000.00'), datetime.date(2026, 9, 1), datetime.date(2029, 8, 31)), (2, 'Deep Learning in Genomic Sequencing', 'NIH-R01-HG102', 'National Institutes of Health', Decimal('850000.00'), datetime.date(2026, 10, 15), datetime.date(2028, 10, 14))]
DEBUG:MySQLPersistenceWrapper:2026-07-26 15:10:30,689:select_all_investigators: [(1, 'Quantum Computing for Climate Modeling', 'NSF-2026-QC99', 'National Science Foundation', Decimal('1250000.00'), datetime.date(2026, 9, 1), datetime.date(2029, 8, 31)), (3, 'Urban Infrastructure Resilience Study', 'DOE-EERE-401', 'Department of Energy', Decimal('500000.00'), datetime.date(2027, 1, 1), datetime.date(2027, 12, 31))]
DEBUG:MySQLPersistenceWrapper:2026-07-26 15:10:30,691:select_all_investigators: [(2, 'Deep Learning in Genomic Sequencing', 'NIH-R01-HG102', 'National Institutes of Health', Decimal('850000.00'), datetime.date(2026, 10, 15), datetime.date(2028, 10, 14)), (3, 'Urban Infrastructure Resilience Study', 'DOE-EERE-401', 'Department of Energy', Decimal('500000.00'), datetime.date(2027, 1, 1), datetime.date(2027, 12, 31))]
DEBUG:MySQLPersistenceWrapper:2026-07-26 15:10:30,694:select_all_investigators: [(3, 'Urban Infrastructure Resilience Study', 'DOE-EERE-401', 'Department of Energy', Decimal('500000.00'), datetime.date(2027, 1, 1), datetime.date(2027, 12, 31))]
DEBUG:AppServices:2026-07-26 15:10:38,842:In get_all_investigators()...
DEBUG:MySQLPersistenceWrapper:2026-07-26 15:10:38,847:select_all_investigators: [(1, 'Quantum Computing for Climate Modeling', 'NSF-2026-QC99', 'National Science Foundation', Decimal('1250000.00'), datetime.date(2026, 9, 1), datetime.date(2029, 8, 31)), (2, 'Deep Learning in Genomic Sequencing', 'NIH-R01-HG102', 'National Institutes of Health', Decimal('850000.00'), datetime.date(2026, 10, 15), datetime.date(2028, 10, 14))]
DEBUG:MySQLPersistenceWrapper:2026-07-26 15:10:38,848:select_all_investigators: [(1, 'Quantum Computing for Climate Modeling', 'NSF-2026-QC99', 'National Science Foundation', Decimal('1250000.00'), datetime.date(2026, 9, 1), datetime.date(2029, 8, 31)), (3, 'Urban Infrastructure Resilience Study', 'DOE-EERE-401', 'Department of Energy', Decimal('500000.00'), datetime.date(2027, 1, 1), datetime.date(2027, 12, 31))]
DEBUG:MySQLPersistenceWrapper:2026-07-26 15:10:38,850:select_all_investigators: [(2, 'Deep Learning in Genomic Sequencing', 'NIH-R01-HG102', 'National Institutes of Health', Decimal('850000.00'), datetime.date(2026, 10, 15), datetime.date(2028, 10, 14)), (3, 'Urban Infrastructure Resilience Study', 'DOE-EERE-401', 'Department of Energy', Decimal('500000.00'), datetime.date(2027, 1, 1), datetime.date(2027, 12, 31))]
DEBUG:MySQLPersistenceWrapper:2026-07-26 15:10:38,853:select_all_investigators: [(3, 'Urban Infrastructure Resilience Study', 'DOE-EERE-401', 'Department of Energy', Decimal('500000.00'), datetime.date(2027, 1, 1), datetime.date(2027, 12, 31))]
DEBUG:AppServices:2026-07-26 15:10:40,211:In delete_investigator()...
DEBUG:AppServices:2026-07-26 15:10:41,427:In get_all_investigators()...
DEBUG:MySQLPersistenceWrapper:2026-07-26 15:10:41,431:select_all_investigators: [(1, 'Quantum Computing for Climate Modeling', 'NSF-2026-QC99', 'National Science Foundation', Decimal('1250000.00'), datetime.date(2026, 9, 1), datetime.date(2029, 8, 31)), (2, 'Deep Learning in Genomic Sequencing', 'NIH-R01-HG102', 'National Institutes of Health', Decimal('850000.00'), datetime.date(2026, 10, 15), datetime.date(2028, 10, 14))]
DEBUG:MySQLPersistenceWrapper:2026-07-26 15:10:41,433:select_all_investigators: [(1, 'Quantum Computing for Climate Modeling', 'NSF-2026-QC99', 'National Science Foundation', Decimal('1250000.00'), datetime.date(2026, 9, 1), datetime.date(2029, 8, 31)), (3, 'Urban Infrastructure Resilience Study', 'DOE-EERE-401', 'Department of Energy', Decimal('500000.00'), datetime.date(2027, 1, 1), datetime.date(2027, 12, 31))]
DEBUG:MySQLPersistenceWrapper:2026-07-26 15:10:41,436:select_all_investigators: [(2, 'Deep Learning in Genomic Sequencing', 'NIH-R01-HG102', 'National Institutes of Health', Decimal('850000.00'), datetime.date(2026, 10, 15), datetime.date(2028, 10, 14)), (3, 'Urban Infrastructure Resilience Study', 'DOE-EERE-401', 'Department of Energy', Decimal('500000.00'), datetime.date(2027, 1, 1), datetime.date(2027, 12, 31))]
